11:37:48 **** Auto Build of configuration Debug for project bzzz ****
make all 
'Building file: ../src/helloworld.c'
'Invoking: MicroBlaze gcc compiler'
mb-gcc -Wall -O0 -g3 -c -fmessage-length=0 -I../../standalone_bsp_0/microblaze_0/include -mlittle-endian -mxl-barrel-shift -mxl-pattern-compare -mcpu=v8.50.b -mno-xl-soft-mul -Wl,--no-relax -ffunction-sections -fdata-sections -MMD -MP -MF"src/helloworld.d" -MT"src/helloworld.d" -o "src/helloworld.o" "../src/helloworld.c"
../src/helloworld.c: In function 'main':
../src/helloworld.c:107:8: warning: assignment discards 'const' qualifier from pointer target type [enabled by default]
../src/helloworld.c:132:6: warning: large integer implicitly truncated to unsigned type [-Woverflow]
../src/helloworld.c:140:5: warning: large integer implicitly truncated to unsigned type [-Woverflow]
../src/helloworld.c:101:27: warning: unused variable 'value3' [-Wunused-variable]
../src/helloworld.c:101:19: warning: unused variable 'value2' [-Wunused-variable]
../src/helloworld.c:101:11: warning: unused variable 'value1' [-Wunused-variable]
'Finished building: ../src/helloworld.c'
' '
'Building target: bzzz.elf'
'Invoking: MicroBlaze gcc linker'
mb-gcc -Wl,-T -Wl,../src/lscript.ld -L../../standalone_bsp_0/microblaze_0/lib -mlittle-endian -mxl-barrel-shift -mxl-pattern-compare -mcpu=v8.50.b -mno-xl-soft-mul -Wl,--no-relax -Wl,--gc-sections -o "bzzz.elf"  ./src/helloworld.o ./src/platform.o   -Wl,--start-group,-lxil,-lgcc,-lc,--end-group
'Finished building target: bzzz.elf'
' '
'Invoking: MicroBlaze Print Size'
mb-size bzzz.elf  |tee "bzzz.elf.size"
   text	   data	    bss	    dec	    hex	filename
  14064	    360	   2256	  16680	   4128	bzzz.elf
'Finished building: bzzz.elf.size'
' '
'Invoking: Xilinx ELF Check'
elfcheck bzzz.elf -hw ../../project_hw_platform/system.xml -pe microblaze_0  |tee "bzzz.elf.elfcheck"
elfcheck
Xilinx EDK 14.6 Build EDK_P.68d
Copyright (c) 1995-2012 Xilinx, Inc.  All rights reserved.

Command Line: elfcheck -hw ../../project_hw_platform/system.xml -pe microblaze_0
bzzz.elf 

ELF file	: bzzz.elf
elfcheck passed.
'Finished building: bzzz.elf.elfcheck'
' '

11:37:49 Build Finished (took 1s.342ms)

