12:03:40 **** Build of project standalone_bsp_0 ****
make -k all 
libgen -hw ../project_hw_platform/system.xml\
	       \
	       -pe microblaze_0 \
	       -log libgen.log \
	       system.mss
libgen
Xilinx EDK 14.6 Build EDK_P.68d
Copyright (c) 1995-2012 Xilinx, Inc.  All rights reserved.

Command Line: libgen -hw ../project_hw_platform/system.xml -pe microblaze_0 -log
libgen.log system.mss 

ERROR:EDK:756 - Cannot read XML file ../project_hw_platform/system.xml
make: *** [microblaze_0/lib/libxil.a] Greška -1073741819
make: Meta `all' nije ponovo izraðen zbog grešaka.
12:03:50 **** Build of configuration Debug for project hello_world ****
make all 
'Building file: ../src/helloworld.c'
'Invoking: MicroBlaze gcc compiler'
mb-gcc -Wall -O0 -g3 -c -fmessage-length=0 -I../../standalone_bsp_0/microblaze_0/include -mlittle-endian -mxl-barrel-shift -mxl-pattern-compare -mcpu=v8.50.b -mno-xl-soft-mul -Wl,--no-relax -ffunction-sections -fdata-sections -MMD -MP -MF"src/helloworld.d" -MT"src/helloworld.d" -o "src/helloworld.o" "../src/helloworld.c"
../src/helloworld.c:42:28: fatal error: vga_periph_mem.h: No such file or directory
compilation terminated.
make: *** [src/helloworld.o] Greška 1
12:03:50 **** Build of configuration Debug for project bzzz ****
make all 
'Building file: ../src/helloworld.c'
'Invoking: MicroBlaze gcc compiler'
../src/helloworld.c: In function 'main':
mb-gcc -Wall -O0 -g3 -c -fmessage-length=0 -I../../standalone_bsp_0/microblaze_0/include -mlittle-endian -mxl-barrel-shift -mxl-pattern-compare -mcpu=v8.50.b -mno-xl-soft-mul -Wl,--no-relax -ffunction-sections -fdata-sections -MMD -MP -MF"src/helloworld.d" -MT"src/helloworld.d" -o "src/helloworld.o" "../src/helloworld.c"
../src/helloworld.c:107:8: warning: assignment discards 'const' qualifier from pointer target type [enabled by default]
../src/helloworld.c:132:6: warning: large integer implicitly truncated to unsigned type [-Woverflow]
../src/helloworld.c:140:5: warning: large integer implicitly truncated to unsigned type [-Woverflow]
../src/helloworld.c:101:27: warning: unused variable 'value3' [-Wunused-variable]
../src/helloworld.c:101:19: warning: unused variable 'value2' [-Wunused-variable]
../src/helloworld.c:101:11: warning: unused variable 'value1' [-Wunused-variable]
'Finished building: ../src/helloworld.c'
' '
'Building file: ../src/platform.c'
'Invoking: MicroBlaze gcc compiler'
mb-gcc -Wall -O0 -g3 -c -fmessage-length=0 -I../../standalone_bsp_0/microblaze_0/include -mlittle-endian -mxl-barrel-shift -mxl-pattern-compare -mcpu=v8.50.b -mno-xl-soft-mul -Wl,--no-relax -ffunction-sections -fdata-sections -MMD -MP -MF"src/platform.d" -MT"src/platform.d" -o "src/platform.o" "../src/platform.c"
'Finished building: ../src/platform.c'
' '
'Building target: bzzz.elf'
'Invoking: MicroBlaze gcc linker'
mb-gcc -Wl,-T -Wl,../src/lscript.ld -L../../standalone_bsp_0/microblaze_0/lib -mlittle-endian -mxl-barrel-shift -mxl-pattern-compare -mcpu=v8.50.b -mno-xl-soft-mul -Wl,--no-relax -Wl,--gc-sections -o "bzzz.elf"  ./src/helloworld.o ./src/platform.o   -Wl,--start-group,-lxil,-lgcc,-lc,--end-group
c:/xilinx/14.6/ise_ds/edk/gnu/microblaze/nt/bin/../lib/gcc/microblaze-xilinx-elf/4.6.4/../../../../microblaze-xilinx-elf/lib/bs/m/le\libxil.a(xil_printf.o): In function `padding':
/gnu/mb_gnu/src/newlib/libgloss/microblaze/xil_printf.c:50: undefined reference to `outbyte'
c:/xilinx/14.6/ise_ds/edk/gnu/microblaze/nt/bin/../lib/gcc/microblaze-xilinx-elf/4.6.4/../../../../microblaze-xilinx-elf/lib/bs/m/le\libxil.a(xil_printf.o): In function `outnum':
/gnu/mb_gnu/src/newlib/libgloss/microblaze/xil_printf.c:112: undefined reference to `outbyte'
c:/xilinx/14.6/ise_ds/edk/gnu/microblaze/nt/bin/../lib/gcc/microblaze-xilinx-elf/4.6.4/../../../../microblaze-xilinx-elf/lib/bs/m/le\libxil.a(xil_printf.o): In function `xil_printf':
/gnu/mb_gnu/src/newlib/libgloss/microblaze/xil_printf.c:168: undefined reference to `outbyte'
c:/xilinx/14.6/ise_ds/edk/gnu/microblaze/nt/bin/../lib/gcc/microblaze-xilinx-elf/4.6.4/../../../../microblaze-xilinx-elf/lib/bs/m/le\libxil.a(xil_printf.o): In function `outs':
/gnu/mb_gnu/src/newlib/libgloss/microblaze/xil_printf.c:66: undefined reference to `outbyte'
c:/xilinx/14.6/ise_ds/edk/gnu/microblaze/nt/bin/../lib/gcc/microblaze-xilinx-elf/4.6.4/../../../../microblaze-xilinx-elf/lib/bs/m/le\libxil.a(xil_printf.o): In function `xil_printf':
/gnu/mb_gnu/src/newlib/libgloss/microblaze/xil_printf.c:229: undefined reference to `outbyte'
c:/xilinx/14.6/ise_ds/edk/gnu/microblaze/nt/bin/../lib/gcc/microblaze-xilinx-elf/4.6.4/../../../../microblaze-xilinx-elf/lib/bs/m/le\libxil.a(xil_printf.o):/gnu/mb_gnu/src/newlib/libgloss/microblaze/xil_printf.c:238: more undefined references to `outbyte' follow
./src/helloworld.o: In function `main':
D:\RA60-2015\8-bit-MIDI\project\SDK\SDK_Workspace\bzzz\Debug/../src/helloworld.c:124: undefined reference to `XIntc_Initialize'
D:\RA60-2015\8-bit-MIDI\project\SDK\SDK_Workspace\bzzz\Debug/../src/helloworld.c:131: undefined reference to `XIntc_Connect'
D:\RA60-2015\8-bit-MIDI\project\SDK\SDK_Workspace\bzzz\Debug/../src/helloworld.c:138: undefined reference to `XIntc_Start'
D:\RA60-2015\8-bit-MIDI\project\SDK\SDK_Workspace\bzzz\Debug/../src/helloworld.c:140: undefined reference to `XIntc_Enable'
D:\RA60-2015\8-bit-MIDI\project\SDK\SDK_Workspace\bzzz\Debug/../src/helloworld.c:141: undefined reference to `microblaze_enable_interrupts'
./src/platform.o: In function `enable_caches':
D:\RA60-2015\8-bit-MIDI\project\SDK\SDK_Workspace\bzzz\Debug/../src/platform.c:80: undefined reference to `microblaze_enable_icache'
D:\RA60-2015\8-bit-MIDI\project\SDK\SDK_Workspace\bzzz\Debug/../src/platform.c:80: undefined reference to `microblaze_enable_dcache'
collect2: ld returned 1 exit status
make: *** [bzzz.elf] Greška 1
12:03:51 **** Build of configuration Debug for project buzzer ****
make all 
'Building file: ../src/helloworld.c'
'Invoking: MicroBlaze gcc compiler'
mb-gcc -Wall -O0 -g3 -c -fmessage-length=0 -I../../standalone_bsp_0/microblaze_0/include -mlittle-endian -mxl-barrel-shift -mxl-pattern-compare -mcpu=v8.50.b -mno-xl-soft-mul -Wl,--no-relax -ffunction-sections -fdata-sections -MMD -MP -MF"src/helloworld.d" -MT"src/helloworld.d" -o "src/helloworld.o" "../src/helloworld.c"
'Finished building: ../src/helloworld.c'
' '
'Building file: ../src/platform.c'
'Invoking: MicroBlaze gcc compiler'
mb-gcc -Wall -O0 -g3 -c -fmessage-length=0 -I../../standalone_bsp_0/microblaze_0/include -mlittle-endian -mxl-barrel-shift -mxl-pattern-compare -mcpu=v8.50.b -mno-xl-soft-mul -Wl,--no-relax -ffunction-sections -fdata-sections -MMD -MP -MF"src/platform.d" -MT"src/platform.d" -o "src/platform.o" "../src/platform.c"
'Finished building: ../src/platform.c'
' '
'Building target: buzzer.elf'
'Invoking: MicroBlaze gcc linker'
mb-gcc -Wl,-T -Wl,../src/lscript.ld -L../../standalone_bsp_0/microblaze_0/lib -mlittle-endian -mxl-barrel-shift -mxl-pattern-compare -mcpu=v8.50.b -mno-xl-soft-mul -Wl,--no-relax -Wl,--gc-sections -o "buzzer.elf"  ./src/helloworld.o ./src/platform.o   -Wl,--start-group,-lxil,-lgcc,-lc,--end-group
c:/xilinx/14.6/ise_ds/edk/gnu/microblaze/nt/bin/../lib/gcc/microblaze-xilinx-elf/4.6.4/../../../../microblaze-xilinx-elf/lib/bs/m/le\libxil.a(print.o): In function `print':
/gnu/mb_gnu/src/newlib/libgloss/microblaze/print.c:25: undefined reference to `outbyte'
./src/platform.o: In function `enable_caches':
D:\RA60-2015\8-bit-MIDI\project\SDK\SDK_Workspace\buzzer\Debug/../src/platform.c:80: undefined reference to `microblaze_enable_icache'
D:\RA60-2015\8-bit-MIDI\project\SDK\SDK_Workspace\buzzer\Debug/../src/platform.c:80: undefined reference to `microblaze_enable_dcache'
collect2: ld returned 1 exit status
make: *** [buzzer.elf] Greška 1
10:56:20 **** Clean-only build of configuration Debug for project buzzer ****
make clean 
rm -rf  ./src/helloworld.o ./src/platform.o  ./src/helloworld.d ./src/platform.d  buzzer.elf.size  buzzer.elf.elfcheck  buzzer.elf
' '
10:56:20 **** Clean-only build of configuration Debug for project bzzz ****
make clean 
rm -rf  ./src/helloworld.o ./src/platform.o  ./src/helloworld.d ./src/platform.d  bzzz.elf.size  bzzz.elf.elfcheck  bzzz.elf
' '
10:56:20 **** Clean-only build of configuration Debug for project hello_world ****
make clean 
rm -rf  ./src/helloworld.o ./src/platform.o  ./src/helloworld.d ./src/platform.d  hello_world.elf.size  hello_world.elf.elfcheck  hello_world.elf
' '
10:56:20 **** Clean-only build of project standalone_bsp_0 ****
make -k clean 
rm -rf microblaze_0
10:56:22 **** Build of project standalone_bsp_0 ****
make -k all 
libgen -hw ../project_hw_platform/system.xml\
	       \
	       -pe microblaze_0 \
	       -log libgen.log \
	       system.mss
libgen
Xilinx EDK 14.6 Build EDK_P.68d
Copyright (c) 1995-2012 Xilinx, Inc.  All rights reserved.

Command Line: libgen -hw ../project_hw_platform/system.xml -pe microblaze_0 -log
libgen.log system.mss 

ERROR:EDK:756 - Cannot read XML file ../project_hw_platform/system.xml
make: *** [microblaze_0/lib/libxil.a] Greška -1073741819
make: Meta `all' nije ponovo izraðen zbog grešaka.
10:56:30 **** Clean-only build of configuration Debug for project hello_world ****
make clean 
rm -rf  ./src/helloworld.o ./src/platform.o  ./src/helloworld.d ./src/platform.d  hello_world.elf.size  hello_world.elf.elfcheck  hello_world.elf
' '
10:56:30 **** Build of configuration Debug for project hello_world ****
make all 
'Building file: ../src/helloworld.c'
'Invoking: MicroBlaze gcc compiler'
mb-gcc -Wall -O0 -g3 -c -fmessage-length=0 -I../../standalone_bsp_0/microblaze_0/include -mlittle-endian -mxl-barrel-shift -mxl-pattern-compare -mcpu=v8.50.b -mno-xl-soft-mul -Wl,--no-relax -ffunction-sections -fdata-sections -MMD -MP -MF"src/helloworld.d" -MT"src/helloworld.d" -o "src/helloworld.o" "../src/helloworld.c"
../src/helloworld.c:40:25: fatal error: xparameters.h: No such file or directory
compilation terminated.
make: *** [src/helloworld.o] Greška 1
10:56:30 **** Clean-only build of configuration Debug for project bzzz ****
make clean 
rm -rf  ./src/helloworld.o ./src/platform.o  ./src/helloworld.d ./src/platform.d  bzzz.elf.size  bzzz.elf.elfcheck  bzzz.elf
' '
10:56:31 **** Build of configuration Debug for project bzzz ****
make all 
'Building file: ../src/helloworld.c'
'Invoking: MicroBlaze gcc compiler'
mb-gcc -Wall -O0 -g3 -c -fmessage-length=0 -I../../standalone_bsp_0/microblaze_0/include -mlittle-endian -mxl-barrel-shift -mxl-pattern-compare -mcpu=v8.50.b -mno-xl-soft-mul -Wl,--no-relax -ffunction-sections -fdata-sections -MMD -MP -MF"src/helloworld.d" -MT"src/helloworld.d" -o "src/helloworld.o" "../src/helloworld.c"
../src/helloworld.c:36:19: fatal error: xintc.h: No such file or directory
compilation terminated.
make: *** [src/helloworld.o] Greška 1
10:56:31 **** Clean-only build of configuration Debug for project buzzer ****
make clean 
rm -rf  ./src/helloworld.o ./src/platform.o  ./src/helloworld.d ./src/platform.d  buzzer.elf.size  buzzer.elf.elfcheck  buzzer.elf
' '
10:56:31 **** Build of configuration Debug for project buzzer ****
make all 
'Building file: ../src/helloworld.c'
'Invoking: MicroBlaze gcc compiler'
mb-gcc -Wall -O0 -g3 -c -fmessage-length=0 -I../../standalone_bsp_0/microblaze_0/include -mlittle-endian -mxl-barrel-shift -mxl-pattern-compare -mcpu=v8.50.b -mno-xl-soft-mul -Wl,--no-relax -ffunction-sections -fdata-sections -MMD -MP -MF"src/helloworld.d" -MT"src/helloworld.d" -o "src/helloworld.o" "../src/helloworld.c"
'Finished building: ../src/helloworld.c'
' '
'Building file: ../src/platform.c'
'Invoking: MicroBlaze gcc compiler'
mb-gcc -Wall -O0 -g3 -c -fmessage-length=0 -I../../standalone_bsp_0/microblaze_0/include -mlittle-endian -mxl-barrel-shift -mxl-pattern-compare -mcpu=v8.50.b -mno-xl-soft-mul -Wl,--no-relax -ffunction-sections -fdata-sections -MMD -MP -MF"src/platform.d" -MT"src/platform.d" -o "src/platform.o" "../src/platform.c"
../src/platform.c:42:25: fatal error: xparameters.h: No such file or directory
compilation terminated.
make: *** [src/platform.o] Greška 1
11:01:53 **** Auto Build of project standalone_bsp_0 ****
make -k all 
libgen -hw ../project_hw_platform/system.xml\
	       \
	       -pe microblaze_0 \
	       -log libgen.log \
	       system.mss
libgen
Xilinx EDK 14.6 Build EDK_P.68d
Copyright (c) 1995-2012 Xilinx, Inc.  All rights reserved.

Command Line: libgen -hw ../project_hw_platform/system.xml -pe microblaze_0 -log
libgen.log system.mss 


Staging source files.
Running DRCs.
Running generate.
Running post_generate.
Running include - 'make -s include "COMPILER=mb-gcc" "ARCHIVER=mb-ar"
"COMPILER_FLAGS=-mlittle-endian -mno-xl-soft-mul -mxl-barrel-shift
-mxl-pattern-compare -mcpu=v8.50.b  -O2 -c" "EXTRA_COMPILER_FLAGS=-g
-ffunction-sections -fdata-sections"'.

Running libs - 'make -s libs "COMPILER=mb-gcc" "ARCHIVER=mb-ar"
"COMPILER_FLAGS=-mlittle-endian -mno-xl-soft-mul -mxl-barrel-shift
-mxl-pattern-compare -mcpu=v8.50.b  -O2 -c" "EXTRA_COMPILER_FLAGS=-g
-ffunction-sections -fdata-sections"'.
"Compiling common"
"Compiling standalone";
"Compiling intc"
"Compiling uartlite"
"Compiling bram"
"Compiling cpu"
Running execs_generate.
'Finished building libraries'
11:02:05 **** Auto Build of configuration Debug for project hello_world ****
make all 
'Building file: ../src/helloworld.c'
'Invoking: MicroBlaze gcc compiler'
mb-gcc -Wall -O0 -g3 -c -fmessage-length=0 -I../../standalone_bsp_0/microblaze_0/include -mlittle-endian -mxl-barrel-shift -mxl-pattern-compare -mcpu=v8.50.b -mno-xl-soft-mul -Wl,--no-relax -ffunction-sections -fdata-sections -MMD -MP -MF"src/helloworld.d" -MT"src/helloworld.d" -o "src/helloworld.o" "../src/helloworld.c"
../src/helloworld.c:42:28: fatal error: vga_periph_mem.h: No such file or directory
compilation terminated.
make: *** [src/helloworld.o] Greška 1
11:02:06 **** Auto Build of configuration Debug for project bzzz ****
make all 
'Building file: ../src/helloworld.c'
'Invoking: MicroBlaze gcc compiler'
mb-gcc -Wall -O0 -g3 -c -fmessage-length=0 -I../../standalone_bsp_0/microblaze_0/include -mlittle-endian -mxl-barrel-shift -mxl-pattern-compare -mcpu=v8.50.b -mno-xl-soft-mul -Wl,--no-relax -ffunction-sections -fdata-sections -MMD -MP -MF"src/helloworld.d" -MT"src/helloworld.d" -o "src/helloworld.o" "../src/helloworld.c"
../src/helloworld.c: In function 'main':
../src/helloworld.c:107:8: warning: assignment discards 'const' qualifier from pointer target type [enabled by default]
../src/helloworld.c:132:6: warning: large integer implicitly truncated to unsigned type [-Woverflow]
../src/helloworld.c:140:5: warning: large integer implicitly truncated to unsigned type [-Woverflow]
../src/helloworld.c:101:27: warning: unused variable 'value3' [-Wunused-variable]
../src/helloworld.c:101:19: warning: unused variable 'value2' [-Wunused-variable]
../src/helloworld.c:101:11: warning: unused variable 'value1' [-Wunused-variable]
'Finished building: ../src/helloworld.c'
' '
'Building file: ../src/platform.c'
'Invoking: MicroBlaze gcc compiler'
mb-gcc -Wall -O0 -g3 -c -fmessage-length=0 -I../../standalone_bsp_0/microblaze_0/include -mlittle-endian -mxl-barrel-shift -mxl-pattern-compare -mcpu=v8.50.b -mno-xl-soft-mul -Wl,--no-relax -ffunction-sections -fdata-sections -MMD -MP -MF"src/platform.d" -MT"src/platform.d" -o "src/platform.o" "../src/platform.c"
'Finished building: ../src/platform.c'
' '
'Building target: bzzz.elf'
'Invoking: MicroBlaze gcc linker'
mb-gcc -Wl,-T -Wl,../src/lscript.ld -L../../standalone_bsp_0/microblaze_0/lib -mlittle-endian -mxl-barrel-shift -mxl-pattern-compare -mcpu=v8.50.b -mno-xl-soft-mul -Wl,--no-relax -Wl,--gc-sections -o "bzzz.elf"  ./src/helloworld.o ./src/platform.o   -Wl,--start-group,-lxil,-lgcc,-lc,--end-group
'Finished building target: bzzz.elf'
' '
'Invoking: MicroBlaze Print Size'
mb-size bzzz.elf  |tee "bzzz.elf.size"
   text	   data	    bss	    dec	    hex	filename
  14064	    360	   2256	  16680	   4128	bzzz.elf
'Finished building: bzzz.elf.size'
' '
'Invoking: Xilinx ELF Check'
elfcheck bzzz.elf -hw ../../project_hw_platform/system.xml -pe microblaze_0  |tee "bzzz.elf.elfcheck"
elfcheck
Xilinx EDK 14.6 Build EDK_P.68d
Copyright (c) 1995-2012 Xilinx, Inc.  All rights reserved.

Command Line: elfcheck -hw ../../project_hw_platform/system.xml -pe microblaze_0
bzzz.elf 

ELF file	: bzzz.elf
elfcheck passed.
'Finished building: bzzz.elf.elfcheck'
' '
11:02:07 **** Auto Build of configuration Debug for project buzzer ****
make all 
'Building file: ../src/platform.c'
'Invoking: MicroBlaze gcc compiler'
mb-gcc -Wall -O0 -g3 -c -fmessage-length=0 -I../../standalone_bsp_0/microblaze_0/include -mlittle-endian -mxl-barrel-shift -mxl-pattern-compare -mcpu=v8.50.b -mno-xl-soft-mul -Wl,--no-relax -ffunction-sections -fdata-sections -MMD -MP -MF"src/platform.d" -MT"src/platform.d" -o "src/platform.o" "../src/platform.c"
'Finished building: ../src/platform.c'
' '
'Building target: buzzer.elf'
'Invoking: MicroBlaze gcc linker'
mb-gcc -Wl,-T -Wl,../src/lscript.ld -L../../standalone_bsp_0/microblaze_0/lib -mlittle-endian -mxl-barrel-shift -mxl-pattern-compare -mcpu=v8.50.b -mno-xl-soft-mul -Wl,--no-relax -Wl,--gc-sections -o "buzzer.elf"  ./src/helloworld.o ./src/platform.o   -Wl,--start-group,-lxil,-lgcc,-lc,--end-group
'Finished building target: buzzer.elf'
' '
'Invoking: MicroBlaze Print Size'
mb-size buzzer.elf  |tee "buzzer.elf.size"
   text	   data	    bss	    dec	    hex	filename
   2430	    308	   2080	   4818	   12d2	buzzer.elf
'Finished building: buzzer.elf.size'
' '
'Invoking: Xilinx ELF Check'
elfcheck buzzer.elf -hw ../../project_hw_platform/system.xml -pe microblaze_0  |tee "buzzer.elf.elfcheck"
elfcheck
Xilinx EDK 14.6 Build EDK_P.68d
Copyright (c) 1995-2012 Xilinx, Inc.  All rights reserved.

Command Line: elfcheck -hw ../../project_hw_platform/system.xml -pe microblaze_0
buzzer.elf 

ELF file	: buzzer.elf
elfcheck passed.
'Finished building: buzzer.elf.elfcheck'
' '
11:03:31 **** Auto Build of project standalone_bsp_0 ****
make -k all 
'Finished building libraries'
11:04:27 **** Auto Build of project standalone_bsp_0 ****
make -k all 
'Finished building libraries'
11:05:21 **** Auto Build of project standalone_bsp_0 ****
make -k all 
'Finished building libraries'
11:05:46 **** Incremental Build of configuration Debug for project hello_world ****
make all 
'Building file: ../src/helloworld.c'
'Invoking: MicroBlaze gcc compiler'
mb-gcc -Wall -O0 -g3 -c -fmessage-length=0 -I../../standalone_bsp_0/microblaze_0/include -mlittle-endian -mxl-barrel-shift -mxl-pattern-compare -mcpu=v8.50.b -mno-xl-soft-mul -Wl,--no-relax -ffunction-sections -fdata-sections -MMD -MP -MF"src/helloworld.d" -MT"src/helloworld.d" -o "src/helloworld.o" "../src/helloworld.c"
../src/helloworld.c:42:28: fatal error: vga_periph_mem.h: No such file or directory
compilation terminated.
make: *** [src/helloworld.o] Greška 1
11:05:46 **** Incremental Build of configuration Debug for project bzzz ****
make all 
make: Ništa za napraviti za `all'.
11:05:47 **** Incremental Build of configuration Debug for project buzzer ****
make all 
make: Ništa za napraviti za `all'.
11:06:56 **** Incremental Build of configuration Debug for project hello_world ****
make all 
'Building file: ../src/helloworld.c'
'Invoking: MicroBlaze gcc compiler'
mb-gcc -Wall -O0 -g3 -c -fmessage-length=0 -I../../standalone_bsp_0/microblaze_0/include -mlittle-endian -mxl-barrel-shift -mxl-pattern-compare -mcpu=v8.50.b -mno-xl-soft-mul -Wl,--no-relax -ffunction-sections -fdata-sections -MMD -MP -MF"src/helloworld.d" -MT"src/helloworld.d" -o "src/helloworld.o" "../src/helloworld.c"
../src/helloworld.c:42:28: fatal error: vga_periph_mem.h: No such file or directory
compilation terminated.
make: *** [src/helloworld.o] Greška 1
11:06:57 **** Incremental Build of configuration Debug for project bzzz ****
make all 
make: Ništa za napraviti za `all'.
11:06:58 **** Incremental Build of configuration Debug for project buzzer ****
make all 
make: Ništa za napraviti za `all'.
11:07:25 **** Incremental Build of configuration Debug for project bzzz ****
make all 
make: Ništa za napraviti za `all'.
11:07:25 **** Incremental Build of configuration Debug for project buzzer ****
make all 
make: Ništa za napraviti za `all'.
11:07:51 **** Auto Build of project standalone_bsp_0 ****
make -k all 
'Finished building libraries'
11:07:54 **** Incremental Build of configuration Debug for project bzzz ****
make all 
make: Ništa za napraviti za `all'.
11:07:54 **** Incremental Build of configuration Debug for project buzzer ****
make all 
make: Ništa za napraviti za `all'.
11:19:58 **** Auto Build of configuration Debug for project bzzz ****
make all 
make: Ništa za napraviti za `all'.
11:22:02 **** Build of project hello_world_bsp ****
make -k all 
'Finished building libraries'
11:27:55 **** Auto Build of project hello_world_bsp ****
make -k all 
'Finished building libraries'
11:27:59 **** Clean-only build of project hello_world_bsp ****
make -k clean 
rm -rf microblaze_0
11:28:00 **** Build of project hello_world_bsp ****
make -k all 
libgen -hw ../basic_system_hw_platform/system.xml\
	       \
	       -pe microblaze_0 \
	       -log libgen.log \
	       system.mss
libgen
Xilinx EDK 14.6 Build EDK_P.68d
Copyright (c) 1995-2012 Xilinx, Inc.  All rights reserved.

Command Line: libgen -hw ../basic_system_hw_platform/system.xml -pe microblaze_0
-log libgen.log system.mss 


Staging source files.
Running DRCs.
Running generate.
Running post_generate.
Running include - 'make -s include "COMPILER=mb-gcc" "ARCHIVER=mb-ar"
"COMPILER_FLAGS=-mlittle-endian -mno-xl-soft-mul -mxl-barrel-shift
-mxl-pattern-compare -mcpu=v8.50.b  -O2 -c" "EXTRA_COMPILER_FLAGS=-g
-ffunction-sections -fdata-sections"'.

Running libs - 'make -s libs "COMPILER=mb-gcc" "ARCHIVER=mb-ar"
"COMPILER_FLAGS=-mlittle-endian -mno-xl-soft-mul -mxl-barrel-shift
-mxl-pattern-compare -mcpu=v8.50.b  -O2 -c" "EXTRA_COMPILER_FLAGS=-g
-ffunction-sections -fdata-sections"'.
"Compiling common"
"Compiling standalone";
"Compiling intc"
"Compiling uartlite"
"Compiling bram"
"Compiling cpu"
Running execs_generate.
'Finished building libraries'
11:29:48 **** Auto Build of project hello_world_bsp ****
make -k all 
'Finished building libraries'
11:30:07 **** Auto Build of project hello_world_bsp ****
make -k all 
'Finished building libraries'
11:31:20 **** Clean-only build of configuration Debug for project bzzz ****
make clean 
rm -rf  ./src/helloworld.o ./src/platform.o  ./src/helloworld.d ./src/platform.d  bzzz.elf.size  bzzz.elf.elfcheck  bzzz.elf
' '
11:31:21 **** Clean-only build of project standalone_bsp_0 ****
make -k clean 
rm -rf microblaze_0
11:31:21 **** Build of project standalone_bsp_0 ****
make -k all 
libgen -hw ../project_hw_platform/system.xml\
	       \
	       -pe microblaze_0 \
	       -log libgen.log \
	       system.mss
libgen
Xilinx EDK 14.6 Build EDK_P.68d
Copyright (c) 1995-2012 Xilinx, Inc.  All rights reserved.

Command Line: libgen -hw ../project_hw_platform/system.xml -pe microblaze_0 -log
libgen.log system.mss 


Staging source files.
Running DRCs.
Running generate.
Running post_generate.
Running include - 'make -s include "COMPILER=mb-gcc" "ARCHIVER=mb-ar"
"COMPILER_FLAGS=-mlittle-endian -mno-xl-soft-mul -mxl-barrel-shift
-mxl-pattern-compare -mcpu=v8.50.b  -O2 -c" "EXTRA_COMPILER_FLAGS=-g
-ffunction-sections -fdata-sections"'.

Running libs - 'make -s libs "COMPILER=mb-gcc" "ARCHIVER=mb-ar"
"COMPILER_FLAGS=-mlittle-endian -mno-xl-soft-mul -mxl-barrel-shift
-mxl-pattern-compare -mcpu=v8.50.b  -O2 -c" "EXTRA_COMPILER_FLAGS=-g
-ffunction-sections -fdata-sections"'.
"Compiling common"
"Compiling standalone";
"Compiling intc"
"Compiling uartlite"
"Compiling bram"
"Compiling cpu"
Running execs_generate.
'Finished building libraries'
11:31:27 **** Build of configuration Debug for project bzzz ****
make all 
'Building file: ../src/helloworld.c'
'Invoking: MicroBlaze gcc compiler'
mb-gcc -Wall -O0 -g3 -c -fmessage-length=0 -I../../standalone_bsp_0/microblaze_0/include -mlittle-endian -mxl-barrel-shift -mxl-pattern-compare -mcpu=v8.50.b -mno-xl-soft-mul -Wl,--no-relax -ffunction-sections -fdata-sections -MMD -MP -MF"src/helloworld.d" -MT"src/helloworld.d" -o "src/helloworld.o" "../src/helloworld.c"
../src/helloworld.c: In function 'main':
../src/helloworld.c:107:8: warning: assignment discards 'const' qualifier from pointer target type [enabled by default]
../src/helloworld.c:132:6: warning: large integer implicitly truncated to unsigned type [-Woverflow]
../src/helloworld.c:140:5: warning: large integer implicitly truncated to unsigned type [-Woverflow]
../src/helloworld.c:101:27: warning: unused variable 'value3' [-Wunused-variable]
../src/helloworld.c:101:19: warning: unused variable 'value2' [-Wunused-variable]
../src/helloworld.c:101:11: warning: unused variable 'value1' [-Wunused-variable]
'Finished building: ../src/helloworld.c'
' '
'Building file: ../src/platform.c'
'Invoking: MicroBlaze gcc compiler'
mb-gcc -Wall -O0 -g3 -c -fmessage-length=0 -I../../standalone_bsp_0/microblaze_0/include -mlittle-endian -mxl-barrel-shift -mxl-pattern-compare -mcpu=v8.50.b -mno-xl-soft-mul -Wl,--no-relax -ffunction-sections -fdata-sections -MMD -MP -MF"src/platform.d" -MT"src/platform.d" -o "src/platform.o" "../src/platform.c"
'Finished building: ../src/platform.c'
' '
'Building target: bzzz.elf'
'Invoking: MicroBlaze gcc linker'
mb-gcc -Wl,-T -Wl,../src/lscript.ld -L../../standalone_bsp_0/microblaze_0/lib -mlittle-endian -mxl-barrel-shift -mxl-pattern-compare -mcpu=v8.50.b -mno-xl-soft-mul -Wl,--no-relax -Wl,--gc-sections -o "bzzz.elf"  ./src/helloworld.o ./src/platform.o   -Wl,--start-group,-lxil,-lgcc,-lc,--end-group
'Finished building target: bzzz.elf'
' '
'Invoking: MicroBlaze Print Size'
mb-size bzzz.elf  |tee "bzzz.elf.size"
   text	   data	    bss	    dec	    hex	filename
  14064	    360	   2256	  16680	   4128	bzzz.elf
'Finished building: bzzz.elf.size'
' '
'Invoking: Xilinx ELF Check'
elfcheck bzzz.elf -hw ../../project_hw_platform/system.xml -pe microblaze_0  |tee "bzzz.elf.elfcheck"
elfcheck
Xilinx EDK 14.6 Build EDK_P.68d
Copyright (c) 1995-2012 Xilinx, Inc.  All rights reserved.

Command Line: elfcheck -hw ../../project_hw_platform/system.xml -pe microblaze_0
bzzz.elf 

ELF file	: bzzz.elf
elfcheck passed.
'Finished building: bzzz.elf.elfcheck'
' '
11:31:58 **** Auto Build of project standalone_bsp_0 ****
make -k all 
'Finished building libraries'
11:33:42 **** Auto Build of configuration Debug for project bzzz ****
make all 
'Building file: ../src/helloworld.c'
'Invoking: MicroBlaze gcc compiler'
mb-gcc -Wall -O0 -g3 -c -fmessage-length=0 -I../../standalone_bsp_0/microblaze_0/include -mlittle-endian -mxl-barrel-shift -mxl-pattern-compare -mcpu=v8.50.b -mno-xl-soft-mul -Wl,--no-relax -ffunction-sections -fdata-sections -MMD -MP -MF"src/helloworld.d" -MT"src/helloworld.d" -o "src/helloworld.o" "../src/helloworld.c"
../src/helloworld.c: In function 'main':
../src/helloworld.c:107:8: warning: assignment discards 'const' qualifier from pointer target type [enabled by default]
../src/helloworld.c:132:6: warning: large integer implicitly truncated to unsigned type [-Woverflow]
../src/helloworld.c:140:5: warning: large integer implicitly truncated to unsigned type [-Woverflow]
../src/helloworld.c:101:27: warning: unused variable 'value3' [-Wunused-variable]
../src/helloworld.c:101:19: warning: unused variable 'value2' [-Wunused-variable]
../src/helloworld.c:101:11: warning: unused variable 'value1' [-Wunused-variable]
'Finished building: ../src/helloworld.c'
' '
'Building target: bzzz.elf'
'Invoking: MicroBlaze gcc linker'
mb-gcc -Wl,-T -Wl,../src/lscript.ld -L../../standalone_bsp_0/microblaze_0/lib -mlittle-endian -mxl-barrel-shift -mxl-pattern-compare -mcpu=v8.50.b -mno-xl-soft-mul -Wl,--no-relax -Wl,--gc-sections -o "bzzz.elf"  ./src/helloworld.o ./src/platform.o   -Wl,--start-group,-lxil,-lgcc,-lc,--end-group
'Finished building target: bzzz.elf'
' '
'Invoking: MicroBlaze Print Size'
mb-size bzzz.elf  |tee "bzzz.elf.size"
   text	   data	    bss	    dec	    hex	filename
  14064	    360	   2256	  16680	   4128	bzzz.elf
'Finished building: bzzz.elf.size'
' '
'Invoking: Xilinx ELF Check'
elfcheck bzzz.elf -hw ../../project_hw_platform/system.xml -pe microblaze_0  |tee "bzzz.elf.elfcheck"
elfcheck
Xilinx EDK 14.6 Build EDK_P.68d
Copyright (c) 1995-2012 Xilinx, Inc.  All rights reserved.

Command Line: elfcheck -hw ../../project_hw_platform/system.xml -pe microblaze_0
bzzz.elf 

ELF file	: bzzz.elf
elfcheck passed.
'Finished building: bzzz.elf.elfcheck'
' '
11:34:07 **** Auto Build of project standalone_bsp_0 ****
make -k all 
'Finished building libraries'
11:34:47 **** Auto Build of configuration Debug for project bzzz ****
make all 
'Building file: ../src/helloworld.c'
'Invoking: MicroBlaze gcc compiler'
mb-gcc -Wall -O0 -g3 -c -fmessage-length=0 -I../../standalone_bsp_0/microblaze_0/include -mlittle-endian -mxl-barrel-shift -mxl-pattern-compare -mcpu=v8.50.b -mno-xl-soft-mul -Wl,--no-relax -ffunction-sections -fdata-sections -MMD -MP -MF"src/helloworld.d" -MT"src/helloworld.d" -o "src/helloworld.o" "../src/helloworld.c"
../src/helloworld.c: In function 'main':
../src/helloworld.c:107:8: warning: assignment discards 'const' qualifier from pointer target type [enabled by default]
../src/helloworld.c:132:6: warning: large integer implicitly truncated to unsigned type [-Woverflow]
../src/helloworld.c:140:5: warning: large integer implicitly truncated to unsigned type [-Woverflow]
../src/helloworld.c:101:27: warning: unused variable 'value3' [-Wunused-variable]
../src/helloworld.c:101:19: warning: unused variable 'value2' [-Wunused-variable]
../src/helloworld.c:101:11: warning: unused variable 'value1' [-Wunused-variable]
'Finished building: ../src/helloworld.c'
' '
'Building target: bzzz.elf'
'Invoking: MicroBlaze gcc linker'
mb-gcc -Wl,-T -Wl,../src/lscript.ld -L../../standalone_bsp_0/microblaze_0/lib -mlittle-endian -mxl-barrel-shift -mxl-pattern-compare -mcpu=v8.50.b -mno-xl-soft-mul -Wl,--no-relax -Wl,--gc-sections -o "bzzz.elf"  ./src/helloworld.o ./src/platform.o   -Wl,--start-group,-lxil,-lgcc,-lc,--end-group
'Finished building target: bzzz.elf'
' '
'Invoking: MicroBlaze Print Size'
mb-size bzzz.elf  |tee "bzzz.elf.size"
   text	   data	    bss	    dec	    hex	filename
  14064	    360	   2256	  16680	   4128	bzzz.elf
'Finished building: bzzz.elf.size'
' '
'Invoking: Xilinx ELF Check'
elfcheck bzzz.elf -hw ../../project_hw_platform/system.xml -pe microblaze_0  |tee "bzzz.elf.elfcheck"
elfcheck
Xilinx EDK 14.6 Build EDK_P.68d
Copyright (c) 1995-2012 Xilinx, Inc.  All rights reserved.

Command Line: elfcheck -hw ../../project_hw_platform/system.xml -pe microblaze_0
bzzz.elf 

ELF file	: bzzz.elf
elfcheck passed.
'Finished building: bzzz.elf.elfcheck'
' '
11:34:59 **** Auto Build of project standalone_bsp_0 ****
make -k all 
'Finished building libraries'
11:36:35 **** Auto Build of configuration Debug for project bzzz ****
make all 
'Building file: ../src/helloworld.c'
'Invoking: MicroBlaze gcc compiler'
mb-gcc -Wall -O0 -g3 -c -fmessage-length=0 -I../../standalone_bsp_0/microblaze_0/include -mlittle-endian -mxl-barrel-shift -mxl-pattern-compare -mcpu=v8.50.b -mno-xl-soft-mul -Wl,--no-relax -ffunction-sections -fdata-sections -MMD -MP -MF"src/helloworld.d" -MT"src/helloworld.d" -o "src/helloworld.o" "../src/helloworld.c"
../src/helloworld.c: In function 'main':
../src/helloworld.c:107:8: warning: assignment discards 'const' qualifier from pointer target type [enabled by default]
../src/helloworld.c:132:6: warning: large integer implicitly truncated to unsigned type [-Woverflow]
../src/helloworld.c:140:5: warning: large integer implicitly truncated to unsigned type [-Woverflow]
../src/helloworld.c:101:27: warning: unused variable 'value3' [-Wunused-variable]
../src/helloworld.c:101:19: warning: unused variable 'value2' [-Wunused-variable]
../src/helloworld.c:101:11: warning: unused variable 'value1' [-Wunused-variable]
'Finished building: ../src/helloworld.c'
' '
'Building target: bzzz.elf'
'Invoking: MicroBlaze gcc linker'
mb-gcc -Wl,-T -Wl,../src/lscript.ld -L../../standalone_bsp_0/microblaze_0/lib -mlittle-endian -mxl-barrel-shift -mxl-pattern-compare -mcpu=v8.50.b -mno-xl-soft-mul -Wl,--no-relax -Wl,--gc-sections -o "bzzz.elf"  ./src/helloworld.o ./src/platform.o   -Wl,--start-group,-lxil,-lgcc,-lc,--end-group
'Finished building target: bzzz.elf'
' '
'Invoking: MicroBlaze Print Size'
mb-size bzzz.elf  |tee "bzzz.elf.size"
   text	   data	    bss	    dec	    hex	filename
  14064	    360	   2256	  16680	   4128	bzzz.elf
'Finished building: bzzz.elf.size'
' '
'Invoking: Xilinx ELF Check'
elfcheck bzzz.elf -hw ../../project_hw_platform/system.xml -pe microblaze_0  |tee "bzzz.elf.elfcheck"
elfcheck
Xilinx EDK 14.6 Build EDK_P.68d
Copyright (c) 1995-2012 Xilinx, Inc.  All rights reserved.

Command Line: elfcheck -hw ../../project_hw_platform/system.xml -pe microblaze_0
bzzz.elf 

ELF file	: bzzz.elf
elfcheck passed.
'Finished building: bzzz.elf.elfcheck'
' '
11:37:48 **** Auto Build of configuration Debug for project bzzz ****
make all 
'Building file: ../src/helloworld.c'
'Invoking: MicroBlaze gcc compiler'
mb-gcc -Wall -O0 -g3 -c -fmessage-length=0 -I../../standalone_bsp_0/microblaze_0/include -mlittle-endian -mxl-barrel-shift -mxl-pattern-compare -mcpu=v8.50.b -mno-xl-soft-mul -Wl,--no-relax -ffunction-sections -fdata-sections -MMD -MP -MF"src/helloworld.d" -MT"src/helloworld.d" -o "src/helloworld.o" "../src/helloworld.c"
../src/helloworld.c: In function 'main':
../src/helloworld.c:107:8: warning: assignment discards 'const' qualifier from pointer target type [enabled by default]
../src/helloworld.c:132:6: warning: large integer implicitly truncated to unsigned type [-Woverflow]
../src/helloworld.c:140:5: warning: large integer implicitly truncated to unsigned type [-Woverflow]
../src/helloworld.c:101:27: warning: unused variable 'value3' [-Wunused-variable]
../src/helloworld.c:101:19: warning: unused variable 'value2' [-Wunused-variable]
../src/helloworld.c:101:11: warning: unused variable 'value1' [-Wunused-variable]
'Finished building: ../src/helloworld.c'
' '
'Building target: bzzz.elf'
'Invoking: MicroBlaze gcc linker'
mb-gcc -Wl,-T -Wl,../src/lscript.ld -L../../standalone_bsp_0/microblaze_0/lib -mlittle-endian -mxl-barrel-shift -mxl-pattern-compare -mcpu=v8.50.b -mno-xl-soft-mul -Wl,--no-relax -Wl,--gc-sections -o "bzzz.elf"  ./src/helloworld.o ./src/platform.o   -Wl,--start-group,-lxil,-lgcc,-lc,--end-group
'Finished building target: bzzz.elf'
' '
'Invoking: MicroBlaze Print Size'
mb-size bzzz.elf  |tee "bzzz.elf.size"
   text	   data	    bss	    dec	    hex	filename
  14064	    360	   2256	  16680	   4128	bzzz.elf
'Finished building: bzzz.elf.size'
' '
'Invoking: Xilinx ELF Check'
elfcheck bzzz.elf -hw ../../project_hw_platform/system.xml -pe microblaze_0  |tee "bzzz.elf.elfcheck"
elfcheck
Xilinx EDK 14.6 Build EDK_P.68d
Copyright (c) 1995-2012 Xilinx, Inc.  All rights reserved.

Command Line: elfcheck -hw ../../project_hw_platform/system.xml -pe microblaze_0
bzzz.elf 

ELF file	: bzzz.elf
elfcheck passed.
'Finished building: bzzz.elf.elfcheck'
' '
